// Jest Snapshot v1, https://goo.gl/fbAQLP

exports[`Header component matches snapshot 1`] = `
<header
  className="header"
>
  <h1>
    MineirÃªs Translator
  </h1>
</header>
`;
